[    0.000000] Initializing cgroup subsys cpuset
[    0.000000] Initializing cgroup subsys cpu
[    0.000000] Initializing cgroup subsys cpuacct
[    0.000000] Linux version 4.4.0-174-generic (buildd@lcy01-amd64-027) (gcc version 5.4.0 20160609 (Ubuntu 5.4.0-6ubuntu1~16.04.12) ) #204-Ubuntu SMP Wed Jan 29 06:41:01 UTC 2020 (Ubuntu 4.4.0-174.204-generic 4.4.211)
[    0.000000] Command line: BOOT_IMAGE=/boot/vmlinuz-4.4.0-174-generic root=LABEL=cloudimg-rootfs ro console=tty1 console=ttyS0
[    0.000000] KERNEL supported cpus:
[    0.000000]   Intel GenuineIntel
[    0.000000]   AMD AuthenticAMD
[    0.000000]   Centaur CentaurHauls
[    0.000000] x86/fpu: xstate_offset[2]:  576, xstate_sizes[2]:  256
[    0.000000] x86/fpu: Supporting XSAVE feature 0x01: 'x87 floating point registers'
[    0.000000] x86/fpu: Supporting XSAVE feature 0x02: 'SSE registers'
[    0.000000] x86/fpu: Supporting XSAVE feature 0x04: 'AVX registers'
[    0.000000] x86/fpu: Enabled xstate features 0x7, context size is 832 bytes, using 'standard' format.
[    0.000000] e820: BIOS-provided physical RAM map:
[    0.000000] BIOS-e820: [mem 0x0000000000000000-0x000000000009fbff] usable
[    0.000000] BIOS-e820: [mem 0x000000000009fc00-0x000000000009ffff] reserved
[    0.000000] BIOS-e820: [mem 0x00000000000f0000-0x00000000000fffff] reserved
[    0.000000] BIOS-e820: [mem 0x0000000000100000-0x000000003ffeffff] usable
[    0.000000] BIOS-e820: [mem 0x000000003fff0000-0x000000003fffffff] ACPI data
[    0.000000] BIOS-e820: [mem 0x00000000fec00000-0x00000000fec00fff] reserved
[    0.000000] BIOS-e820: [mem 0x00000000fee00000-0x00000000fee00fff] reserved
[    0.000000] BIOS-e820: [mem 0x00000000fffc0000-0x00000000ffffffff] reserved
[    0.000000] NX (Execute Disable) protection: active
[    0.000000] SMBIOS 2.5 present.
[    0.000000] Hypervisor detected: KVM
[    0.000000] e820: last_pfn = 0x3fff0 max_arch_pfn = 0x400000000
[    0.000000] MTRR: Disabled
[    0.000000] x86/PAT: MTRRs disabled, skipping PAT initialization too.
[    0.000000] CPU MTRRs all blank - virtualized system.
[    0.000000] x86/PAT: Configuration [0-7]: WB  WT  UC- UC  WB  WT  UC- UC  
[    0.000000] found SMP MP-table at [mem 0x0009fff0-0x0009ffff] mapped at [ffff88000009fff0]
[    0.000000] Scanning 1 areas for low memory corruption
[    0.000000] RAMDISK: [mem 0x362e0000-0x37167fff]
[    0.000000] ACPI: Early table checksum verification disabled
[    0.000000] ACPI: RSDP 0x00000000000E0000 000024 (v02 VBOX  )
[    0.000000] ACPI: XSDT 0x000000003FFF0030 00003C (v01 VBOX   VBOXXSDT 00000001 ASL  00000061)
[    0.000000] ACPI: FACP 0x000000003FFF00F0 0000F4 (v04 VBOX   VBOXFACP 00000001 ASL  00000061)
[    0.000000] ACPI: DSDT 0x000000003FFF0470 002325 (v02 VBOX   VBOXBIOS 00000002 INTL 20100528)
[    0.000000] ACPI: FACS 0x000000003FFF0200 000040
[    0.000000] ACPI: FACS 0x000000003FFF0200 000040
[    0.000000] ACPI: APIC 0x000000003FFF0240 00005C (v02 VBOX   VBOXAPIC 00000001 ASL  00000061)
[    0.000000] ACPI: SSDT 0x000000003FFF02A0 0001CC (v01 VBOX   VBOXCPUT 00000002 INTL 20100528)
[    0.000000] No NUMA configuration found
[    0.000000] Faking a node at [mem 0x0000000000000000-0x000000003ffeffff]
[    0.000000] NODE_DATA(0) allocated [mem 0x3ffeb000-0x3ffeffff]
[    0.000000] kvm-clock: Using msrs 4b564d01 and 4b564d00
[    0.000000] kvm-clock: cpu 0, msr 0:3ffe3001, primary cpu clock
[    0.000000] kvm-clock: using sched offset of 5571304423 cycles
[    0.000000] clocksource: kvm-clock: mask: 0xffffffffffffffff max_cycles: 0x1cd42e4dffb, max_idle_ns: 881590591483 ns
[    0.000000] Zone ranges:
[    0.000000]   DMA      [mem 0x0000000000001000-0x0000000000ffffff]
[    0.000000]   DMA32    [mem 0x0000000001000000-0x000000003ffeffff]
[    0.000000]   Normal   empty
[    0.000000]   Device   empty
[    0.000000] Movable zone start for each node
[    0.000000] Early memory node ranges
[    0.000000]   node   0: [mem 0x0000000000001000-0x000000000009efff]
[    0.000000]   node   0: [mem 0x0000000000100000-0x000000003ffeffff]
[    0.000000] Initmem setup node 0 [mem 0x0000000000001000-0x000000003ffeffff]
[    0.000000] ACPI: PM-Timer IO Port: 0x4008
[    0.000000] IOAPIC[0]: apic_id 2, version 32, address 0xfec00000, GSI 0-23
[    0.000000] ACPI: INT_SRC_OVR (bus 0 bus_irq 0 global_irq 2 dfl dfl)
[    0.000000] ACPI: INT_SRC_OVR (bus 0 bus_irq 9 global_irq 9 low level)
[    0.000000] Using ACPI (MADT) for SMP configuration information
[    0.000000] smpboot: Allowing 2 CPUs, 0 hotplug CPUs
[    0.000000] PM: Registered nosave memory: [mem 0x00000000-0x00000fff]
[    0.000000] PM: Registered nosave memory: [mem 0x0009f000-0x0009ffff]
[    0.000000] PM: Registered nosave memory: [mem 0x000a0000-0x000effff]
[    0.000000] PM: Registered nosave memory: [mem 0x000f0000-0x000fffff]
[    0.000000] e820: [mem 0x40000000-0xfebfffff] available for PCI devices
[    0.000000] Booting paravirtualized kernel on KVM
[    0.000000] clocksource: refined-jiffies: mask: 0xffffffff max_cycles: 0xffffffff, max_idle_ns: 7645519600211568 ns
[    0.000000] setup_percpu: NR_CPUS:512 nr_cpumask_bits:512 nr_cpu_ids:2 nr_node_ids:1
[    0.000000] PERCPU: Embedded 33 pages/cpu @ffff88003fc00000 s95448 r8192 d31528 u1048576
[    0.000000] Built 1 zonelists in Node order, mobility grouping on.  Total pages: 257912
[    0.000000] Policy zone: DMA32
[    0.000000] Kernel command line: BOOT_IMAGE=/boot/vmlinuz-4.4.0-174-generic root=LABEL=cloudimg-rootfs ro console=tty1 console=ttyS0
[    0.000000] PID hash table entries: 4096 (order: 3, 32768 bytes)
[    0.000000] Memory: 997672K/1048120K available (8626K kernel code, 1336K rwdata, 4032K rodata, 1488K init, 1292K bss, 50448K reserved, 0K cma-reserved)
[    0.000000] SLUB: HWalign=64, Order=0-3, MinObjects=0, CPUs=2, Nodes=1
[    0.000000] Kernel/User page tables isolation: enabled
[    0.000000] Hierarchical RCU implementation.
[    0.000000] 	Build-time adjustment of leaf fanout to 64.
[    0.000000] 	RCU restricting CPUs from NR_CPUS=512 to nr_cpu_ids=2.
[    0.000000] RCU: Adjusting geometry for rcu_fanout_leaf=64, nr_cpu_ids=2
[    0.000000] NR_IRQS:33024 nr_irqs:440 16
[    0.000000] Console: colour VGA+ 80x25
[    0.000000] console [tty1] enabled
[    0.000000] console [ttyS0] enabled
[    0.000000] tsc: Detected 2304.000 MHz processor
[    0.146694] Calibrating delay loop (skipped) preset value.. 4608.00 BogoMIPS (lpj=9216000)
[    0.149258] pid_max: default: 32768 minimum: 301
[    0.150560] ACPI: Core revision 20150930
[    0.153078] ACPI: 2 ACPI AML tables successfully acquired and loaded
[    0.155839] Security Framework initialized
[    0.157456] Yama: becoming mindful.
[    0.159015] AppArmor: AppArmor initialized
[    0.160540] Dentry cache hash table entries: 131072 (order: 8, 1048576 bytes)
[    0.164627] Inode-cache hash table entries: 65536 (order: 7, 524288 bytes)
[    0.167281] Mount-cache hash table entries: 2048 (order: 2, 16384 bytes)
[    0.169649] Mountpoint-cache hash table entries: 2048 (order: 2, 16384 bytes)
[    0.172164] Initializing cgroup subsys io
[    0.173360] Initializing cgroup subsys memory
[    0.175054] Initializing cgroup subsys devices
[    0.176655] Initializing cgroup subsys freezer
[    0.178205] Initializing cgroup subsys net_cls
[    0.179634] Initializing cgroup subsys perf_event
[    0.181308] Initializing cgroup subsys net_prio
[    0.182878] Initializing cgroup subsys hugetlb
[    0.184536] Initializing cgroup subsys pids
[    0.188711] mce: CPU supports 0 MCE banks
[    0.190178] Last level iTLB entries: 4KB 64, 2MB 8, 4MB 8
[    0.192056] Last level dTLB entries: 4KB 64, 2MB 0, 4MB 0, 1GB 4
[    0.193906] Spectre V1 : Mitigation: usercopy/swapgs barriers and __user pointer sanitization
[    0.196946] Spectre V2 : Mitigation: Full generic retpoline
[    0.198882] Spectre V2 : Spectre v2 / SpectreRSB mitigation: Filling RSB on context switch
[    0.201483] Speculative Store Bypass: Vulnerable
[    0.203269] MDS: Mitigation: Clear CPU buffers
[    0.208301] Freeing SMP alternatives memory: 36K
[    0.215123] ftrace: allocating 32305 entries in 127 pages
[    0.269138] smpboot: APIC(0) Converting physical 0 to logical package 0
[    0.270968] smpboot: Max logical packages: 1
[    0.272028] x2apic enabled
[    0.272823] Switched APIC routing to physical x2apic.
[    0.274932] ..TIMER: vector=0x30 apic1=0 pin1=2 apic2=-1 pin2=-1
[    0.384164] smpboot: CPU0: Intel(R) Core(TM) i5-7360U CPU @ 2.30GHz (family: 0x6, model: 0x8e, stepping: 0x9)
[    0.386746] Performance Events: unsupported p6 CPU model 142 no PMU driver, software events only.
[    0.397806] KVM setup paravirtual spinlock
[    0.399746] x86: Booting SMP configuration:
[    0.400833] .... node  #0, CPUs:      #1
[    0.402168] kvm-clock: cpu 1, msr 0:3ffe3041, secondary cpu clock
[    0.404998] mce: CPU supports 0 MCE banks
[    0.407785] x86: Booted up 1 node, 2 CPUs
[    0.409095] smpboot: Total of 2 processors activated (9216.00 BogoMIPS)
[    0.411032] devtmpfs: initialized
[    0.413686] evm: security.selinux
[    0.414479] evm: security.SMACK64
[    0.415180] evm: security.SMACK64EXEC
[    0.415935] evm: security.SMACK64TRANSMUTE
[    0.416836] evm: security.SMACK64MMAP
[    0.417631] evm: security.ima
[    0.418281] evm: security.capability
[    0.419190] clocksource: jiffies: mask: 0xffffffff max_cycles: 0xffffffff, max_idle_ns: 7645041785100000 ns
[    0.421671] futex hash table entries: 512 (order: 3, 32768 bytes)
[    0.423303] pinctrl core: initialized pinctrl subsystem
[    0.424444] RTC time: 21:50:15, date: 03/12/20
[    0.425494] NET: Registered protocol family 16
[    0.437767] cpuidle: using governor ladder
[    0.450221] cpuidle: using governor menu
[    0.452119] PCCT header not found.
[    0.453161] ACPI: bus type PCI registered
[    0.454106] acpiphp: ACPI Hot Plug PCI Controller Driver version: 0.5
[    0.455604] PCI: Using configuration type 1 for base access
[    0.471968] ACPI: Added _OSI(Module Device)
[    0.473461] ACPI: Added _OSI(Processor Device)
[    0.474457] ACPI: Added _OSI(3.0 _SCP Extensions)
[    0.475365] ACPI: Added _OSI(Processor Aggregator Device)
[    0.477067] ACPI: Executed 1 blocks of module-level executable AML code
[    0.480005] ACPI: Interpreter enabled
[    0.480805] ACPI: (supports S0 S5)
[    0.481520] ACPI: Using IOAPIC for interrupt routing
[    0.482939] PCI: Using host bridge windows from ACPI; if necessary, use "pci=nocrs" and report a bug
[    0.488766] ACPI: PCI Root Bridge [PCI0] (domain 0000 [bus 00-ff])
[    0.490519] acpi PNP0A03:00: _OSC: OS supports [ASPM ClockPM Segments MSI]
[    0.492018] acpi PNP0A03:00: _OSC: not requesting OS control; OS requires [ExtendedConfig ASPM ClockPM MSI]
[    0.493922] acpi PNP0A03:00: fail to add MMCONFIG information, can't access extended PCI configuration space under this bridge.
[    0.496381] PCI host bridge to bus 0000:00
[    0.497226] pci_bus 0000:00: root bus resource [io  0x0000-0x0cf7 window]
[    0.498473] pci_bus 0000:00: root bus resource [io  0x0d00-0xffff window]
[    0.499699] pci_bus 0000:00: root bus resource [mem 0x000a0000-0x000bffff window]
[    0.501245] pci_bus 0000:00: root bus resource [mem 0x40000000-0xfdffffff window]
[    0.502868] pci_bus 0000:00: root bus resource [bus 00-ff]
[    0.505942] pci 0000:00:01.1: legacy IDE quirk: reg 0x10: [io  0x01f0-0x01f7]
[    0.507224] pci 0000:00:01.1: legacy IDE quirk: reg 0x14: [io  0x03f6]
[    0.508435] pci 0000:00:01.1: legacy IDE quirk: reg 0x18: [io  0x0170-0x0177]
[    0.509770] pci 0000:00:01.1: legacy IDE quirk: reg 0x1c: [io  0x0376]
[    0.531319] pci 0000:00:07.0: quirk: [io  0x4000-0x403f] claimed by PIIX4 ACPI
[    0.533501] pci 0000:00:07.0: quirk: [io  0x4100-0x410f] claimed by PIIX4 SMB
[    0.539594] ACPI: PCI Interrupt Link [LNKA] (IRQs 5 9 10 *11)
[    0.541787] ACPI: PCI Interrupt Link [LNKB] (IRQs 5 9 *10 11)
[    0.543502] ACPI: PCI Interrupt Link [LNKC] (IRQs 5 *9 10 11)
[    0.545208] ACPI: PCI Interrupt Link [LNKD] (IRQs 5 9 10 *11)
[    0.546685] ACPI: Enabled 2 GPEs in block 00 to 07
[    0.547933] vgaarb: setting as boot device: PCI:0000:00:02.0
[    0.549594] vgaarb: device added: PCI:0000:00:02.0,decodes=io+mem,owns=io+mem,locks=none
[    0.551199] vgaarb: loaded
[    0.551809] vgaarb: bridge control possible 0000:00:02.0
[    0.553122] SCSI subsystem initialized
[    0.554224] ACPI: bus type USB registered
[    0.555241] usbcore: registered new interface driver usbfs
[    0.556279] usbcore: registered new interface driver hub
[    0.557362] usbcore: registered new device driver usb
[    0.558916] PCI: Using ACPI for IRQ routing
[    0.561431] NetLabel: Initializing
[    0.562215] NetLabel:  domain hash size = 128
[    0.563412] NetLabel:  protocols = UNLABELED CIPSOv4
[    0.564613] NetLabel:  unlabeled traffic allowed by default
[    0.565908] amd_nb: Cannot enumerate AMD northbridges
[    0.567398] clocksource: Switched to clocksource kvm-clock
[    0.575080] AppArmor: AppArmor Filesystem Enabled
[    0.576431] pnp: PnP ACPI init
[    0.578399] pnp: PnP ACPI: found 3 devices
[    0.587755] clocksource: acpi_pm: mask: 0xffffff max_cycles: 0xffffff, max_idle_ns: 2085701024 ns
[    0.590062] NET: Registered protocol family 2
[    0.591067] TCP established hash table entries: 8192 (order: 4, 65536 bytes)
[    0.592407] TCP bind hash table entries: 8192 (order: 5, 131072 bytes)
[    0.593646] TCP: Hash tables configured (established 8192 bind 8192)
[    0.594828] UDP hash table entries: 512 (order: 2, 16384 bytes)
[    0.595954] UDP-Lite hash table entries: 512 (order: 2, 16384 bytes)
[    0.597152] NET: Registered protocol family 1
[    0.598058] pci 0000:00:00.0: Limiting direct PCI/PCI transfers
[    0.599235] pci 0000:00:01.0: Activating ISA DMA hang workarounds
[    0.600558] Unpacking initramfs...
[    0.803578] Freeing initrd memory: 14880K
[    0.804914] clocksource: tsc: mask: 0xffffffffffffffff max_cycles: 0x2135f7c97c8, max_idle_ns: 440795273205 ns
[    0.806941] platform rtc_cmos: registered platform RTC device (no PNP device found)
[    0.808589] Scanning for low memory corruption every 60 seconds
[    0.809976] audit: initializing netlink subsys (disabled)
[    0.811444] audit: type=2000 audit(1584049822.566:1): initialized
[    0.812857] Initialise system trusted keyring
[    0.813924] HugeTLB registered 2 MB page size, pre-allocated 0 pages
[    0.816646] zbud: loaded
[    0.817540] VFS: Disk quotas dquot_6.6.0
[    0.818794] VFS: Dquot-cache hash table entries: 512 (order 0, 4096 bytes)
[    0.820378] squashfs: version 4.0 (2009/01/31) Phillip Lougher
[    0.821699] fuse init (API version 7.23)
[    0.822738] Key type big_key registered
[    0.823543] Allocating IMA MOK and blacklist keyrings.
[    0.825386] Key type asymmetric registered
[    0.826652] Asymmetric key parser 'x509' registered
[    0.827626] Block layer SCSI generic (bsg) driver version 0.4 loaded (major 249)
[    0.829229] io scheduler noop registered
[    0.830369] io scheduler deadline registered (default)
[    0.831596] io scheduler cfq registered
[    0.832512] pci_hotplug: PCI Hot Plug PCI Core version: 0.5
[    0.833568] pciehp: PCI Express Hot Plug Controller Driver version: 0.4
[    0.835111] ACPI: AC Adapter [AC] (on-line)
[    0.836481] input: Power Button as /devices/LNXSYSTM:00/LNXPWRBN:00/input/input0
[    0.838046] ACPI: Power Button [PWRF]
[    0.838862] input: Sleep Button as /devices/LNXSYSTM:00/LNXSLPBN:00/input/input1
[    0.840397] ACPI: Sleep Button [SLPF]
[    0.841496] GHES: HEST is not enabled!
[    0.843709] ACPI: Battery Slot [BAT0] (battery present)
[    0.844736] Serial: 8250/16550 driver, 32 ports, IRQ sharing enabled
[    0.866412] 00:02: ttyS0 at I/O 0x3f8 (irq = 4 base_baud = 115200) is a 16550A
[    0.871707] Linux agpgart interface v0.103
[    0.874106] loop: module loaded
[    0.875286] scsi host0: ata_piix
[    0.876138] scsi host1: ata_piix
[    0.876856] ata1: PATA max UDMA/33 cmd 0x1f0 ctl 0x3f6 bmdma 0xd000 irq 14
[    0.878104] ata2: PATA max UDMA/33 cmd 0x170 ctl 0x376 bmdma 0xd008 irq 15
[    0.879442] libphy: Fixed MDIO Bus: probed
[    0.880402] tun: Universal TUN/TAP device driver, 1.6
[    0.881380] tun: (C) 1999-2004 Max Krasnyansky <maxk@qualcomm.com>
[    0.882623] PPP generic driver version 2.4.2
[    0.884096] ehci_hcd: USB 2.0 'Enhanced' Host Controller (EHCI) Driver
[    0.885348] ehci-pci: EHCI PCI platform driver
[    0.886233] ehci-platform: EHCI generic platform driver
[    0.887233] ohci_hcd: USB 1.1 'Open' Host Controller (OHCI) Driver
[    0.888409] ohci-pci: OHCI PCI platform driver
[    0.889290] ohci-platform: OHCI generic platform driver
[    0.890286] uhci_hcd: USB Universal Host Controller Interface driver
[    0.891497] i8042: PNP: PS/2 Controller [PNP0303:PS2K,PNP0f03:PS2M] at 0x60,0x64 irq 1,12
[    0.893645] serio: i8042 KBD port at 0x60,0x64 irq 1
[    0.894989] serio: i8042 AUX port at 0x60,0x64 irq 12
[    0.896208] mousedev: PS/2 mouse device common for all mice
[    0.898308] input: AT Translated Set 2 keyboard as /devices/platform/i8042/serio0/input/input2
[    0.900039] rtc_cmos rtc_cmos: rtc core: registered rtc_cmos as rtc0
[    0.901355] rtc_cmos rtc_cmos: alarms up to one day, 114 bytes nvram
[    0.902531] i2c /dev entries driver
[    0.903833] device-mapper: uevent: version 1.0.3
[    0.905002] device-mapper: ioctl: 4.34.0-ioctl (2015-10-28) initialised: dm-devel@redhat.com
[    0.906833] ledtrig-cpu: registered to indicate activity on CPUs
[    0.908361] NET: Registered protocol family 10
[    0.909640] NET: Registered protocol family 17
[    0.910534] Key type dns_resolver registered
[    0.911603] registered taskstats version 1
[    0.912451] Loading compiled-in X.509 certificates
[    0.913873] Loaded X.509 cert 'Build time autogenerated kernel key: 2501974cc66248a18f8fa54aaac948a5171f77fb'
[    0.915745] zswap: loaded using pool lzo/zbud
[    0.918179] Key type trusted registered
[    0.921935] Key type encrypted registered
[    0.922773] AppArmor: AppArmor sha1 policy hashing enabled
[    0.923872] ima: No TPM chip found, activating TPM-bypass!
[    0.924913] ima: Allocated hash algorithm: sha1
[    0.925806] evm: HMAC attrs: 0x1
[    0.926820]   Magic number: 12:897:853
[    0.928027] rtc_cmos rtc_cmos: setting system clock to 2020-03-12 21:50:15 UTC (1584049815)
[    0.930134] BIOS EDD facility v0.16 2004-Jun-25, 0 devices found
[    0.931253] EDD information not available.
[    1.060225] Freeing unused kernel memory: 1488K
[    1.061696] Write protecting the kernel read-only data: 14336k
[    1.063789] Freeing unused kernel memory: 1604K
[    1.064814] Freeing unused kernel memory: 64K
Loading, please wait...
starting version 229
[    1.077383] random: systemd-udevd: uninitialized urandom read (16 bytes read, 3 bits of entropy available)
[    1.078081] random: udevadm: uninitialized urandom read (16 bytes read, 3 bits of entropy available)
[    1.078106] random: udevadm: uninitialized urandom read (16 bytes read, 3 bits of entropy available)
[    1.083275] random: systemd-udevd: uninitialized urandom read (16 bytes read, 3 bits of entropy available)
[    1.085274] random: systemd-udevd: uninitialized urandom read (16 bytes read, 3 bits of entropy available)
[    1.086612] random: udevadm: uninitialized urandom read (16 bytes read, 3 bits of entropy available)
[    1.086657] random: udevadm: uninitialized urandom read (16 bytes read, 3 bits of entropy available)
[    1.086765] random: udevadm: uninitialized urandom read (16 bytes read, 3 bits of entropy available)
[    1.086802] random: udevadm: uninitialized urandom read (16 bytes read, 3 bits of entropy available)
[    1.086840] random: udevadm: uninitialized urandom read (16 bytes read, 3 bits of entropy available)
[    1.122871] e1000: Intel(R) PRO/1000 Network Driver - version 7.3.21-k8-NAPI
[    1.124821] e1000: Copyright (c) 1999-2006 Intel Corporation.
[    1.127933] Fusion MPT base driver 3.04.20
[    1.128994] Copyright (c) 1999-2008 LSI Corporation
[    1.142099] Fusion MPT SPI Host driver 3.04.20
[    1.145326] AVX2 version of gcm_enc/dec engaged.
[    1.146510] AES CTR mode by8 optimization enabled
[    1.342146] input: ImExPS/2 Generic Explorer Mouse as /devices/platform/i8042/serio1/input/input4
[    1.817349] e1000 0000:00:03.0 eth0: (PCI:33MHz:32-bit) 02:9d:64:b1:e9:53
[    1.818660] e1000 0000:00:03.0 eth0: Intel(R) PRO/1000 Network Connection
[    1.820785] mptbase: ioc0: Initiating bringup
[    1.822311] e1000 0000:00:03.0 enp0s3: renamed from eth0
[    2.794789] ioc0: LSI53C1030 A0: Capabilities={Initiator}
[    5.293945] scsi host2: ioc0: LSI53C1030 A0, FwRev=00000000h, Ports=1, MaxQ=256, IRQ=20
[    6.688822] scsi 2:0:0:0: Direct-Access     VBOX     HARDDISK         1.0  PQ: 0 ANSI: 5
[    6.691372] scsi target2:0:0: Beginning Domain Validation
[    6.693283] scsi target2:0:0: Domain Validation skipping write tests
[    6.694542] scsi target2:0:0: Ending Domain Validation
[    6.695750] scsi target2:0:0: asynchronous
[    6.697154] scsi 2:0:1:0: Direct-Access     VBOX     HARDDISK         1.0  PQ: 0 ANSI: 5
[    6.698877] scsi target2:0:1: Beginning Domain Validation
[    6.700519] scsi target2:0:1: Domain Validation skipping write tests
[    6.701689] scsi target2:0:1: Ending Domain Validation
[    6.702862] scsi target2:0:1: asynchronous
[    6.718707] sd 2:0:0:0: [sda] 20971520 512-byte logical blocks: (10.7 GB/10.0 GiB)
[    6.720785] sd 2:0:0:0: Attached scsi generic sg0 type 0
[    6.722600] sd 2:0:1:0: [sdb] 20480 512-byte logical blocks: (10.5 MB/10.0 MiB)
[    6.725082] sd 2:0:1:0: Attached scsi generic sg1 type 0
[    6.725099] sd 2:0:0:0: [sda] Write Protect is off
[    6.728004] sd 2:0:0:0: [sda] Incomplete mode parameter data
[    6.728212] sd 2:0:1:0: [sdb] Write Protect is off
[    6.728318] sd 2:0:1:0: [sdb] Incomplete mode parameter data
[    6.728319] sd 2:0:1:0: [sdb] Assuming drive cache: write through
[    6.735082] sd 2:0:0:0: [sda] Assuming drive cache: write through
[    6.740114]  sda: sda1
[    6.740384] sd 2:0:1:0: [sdb] Attached SCSI disk
[    6.743969] sd 2:0:0:0: [sda] Attached SCSI disk
Begin: Loading essential drivers ... [    8.070518] md: linear personality registered for level -1
[    8.074277] md: multipath personality registered for level -4
[    8.077897] md: raid0 personality registered for level 0
[    8.082470] md: raid1 personality registered for level 1
[    8.151483] raid6: sse2x1   gen() 12350 MB/s
[    8.219967] raid6: sse2x1   xor()  9297 MB/s
[    8.287510] raid6: sse2x2   gen() 15351 MB/s
[    8.355691] raid6: sse2x2   xor() 10541 MB/s
[    8.423914] raid6: sse2x4   gen() 17445 MB/s
[    8.491611] raid6: sse2x4   xor() 11368 MB/s
[    8.559551] raid6: avx2x1   gen() 21528 MB/s
[    8.627752] raid6: avx2x2   gen() 28204 MB/s
[    8.695629] raid6: avx2x4   gen() 29811 MB/s
[    8.696919] raid6: using algorithm avx2x4 gen() 29811 MB/s
[    8.698002] raid6: using avx2x2 recovery algorithm
[    8.700190] xor: automatically using best checksumming function:
[    8.744857]    avx       : 58421.000 MB/sec
[    8.747377] async_tx: api initialized (async)
[    8.756943] md: raid6 personality registered for level 6
[    8.758251] md: raid5 personality registered for level 5
[    8.759608] md: raid4 personality registered for level 4
[    8.766939] md: raid10 personality registered for level 10
done.
Begin: Running /scripts/init-premount ... done.
Begin: Mounting root file system ... Begin: Running /scripts/local-top ... done.
Begin: Running /scripts/local-premount ... [    8.794929] Btrfs loaded
Scanning for Btrfs filesystems
done.
Warning: fsck not present, so skipping root file system
[    8.826503] EXT4-fs (sda1): INFO: recovery required on readonly filesystem
[    8.828157] EXT4-fs (sda1): write access will be enabled during recovery
[    8.971404] EXT4-fs (sda1): recovery complete
[    8.973578] EXT4-fs (sda1): mounted filesystem with ordered data mode. Opts: (null)
done.
Begin: Running /scripts/local-bottom ... done.
Begin: Running /scripts/init-bottom ... done.
[    9.102004] systemd[1]: systemd 229 running in system mode. (+PAM +AUDIT +SELINUX +IMA +APPARMOR +SMACK +SYSVINIT +UTMP +LIBCRYPTSETUP +GCRYPT +GNUTLS +ACL +XZ -LZ4 +SECCOMP +BLKID +ELFUTILS +KMOD -IDN)
[    9.105370] systemd[1]: Detected virtualization oracle.
[    9.106911] systemd[1]: Detected architecture x86-64.

Welcome to [1mUbuntu 16.04.6 LTS[0m!

[    9.113446] systemd[1]: Set hostname to <ubuntu-xenial>.
[    9.287695] systemd[1]: Listening on LVM2 metadata daemon socket.
[[0;32m  OK  [0m] Listening on LVM2 metadata daemon socket.
[    9.290049] systemd[1]: Listening on udev Kernel Socket.
[[0;32m  OK  [0m] Listening on udev Kernel Socket.
[    9.292155] systemd[1]: Set up automount Arbitrary Executable File Formats File System Automount Point.
[[0;32m  OK  [0m] Set up automount Arbitrary Executab...ats File System Automount Point.
[    9.295971] systemd[1]: Listening on Journal Audit Socket.
[[0;32m  OK  [0m] Listening on Journal Audit Socket.
[    9.298047] systemd[1]: Reached target Swap.
[[0;32m  OK  [0m] Reached target Swap.
[    9.299776] systemd[1]: Listening on Journal Socket.
[[0;32m  OK  [0m] Listening on Journal Socket.
[    9.301674] systemd[1]: Listening on /dev/initctl Compatibility Named Pipe.
[[0;32m  OK  [0m] Listening on /dev/initctl Compatibility Named Pipe.
[    9.304169] systemd[1]: Started Forward Password Requests to Wall Directory Watch.
[[0;32m  OK  [0m] Started Forward Password Requests to Wall Directory Watch.
[    9.306952] systemd[1]: Started Trigger resolvconf update for networkd DNS.
[[0;32m  OK  [0m] Started Trigger resolvconf update for networkd DNS.
[    9.309651] systemd[1]: Created slice User and Session Slice.
[[0;32m  OK  [0m] Created slice User and Session Slice.
[    9.311784] systemd[1]: Listening on Syslog Socket.
[[0;32m  OK  [0m] Listening on Syslog Socket.
[    9.313662] systemd[1]: Reached target Encrypted Volumes.
[[0;32m  OK  [0m] Reached target Encrypted Volumes.
[    9.315681] systemd[1]: Listening on udev Control Socket.
[[0;32m  OK  [0m] Listening on udev Control Socket.
[    9.317885] systemd[1]: Created slice System Slice.
[[0;32m  OK  [0m] Created slice System Slice.
[    9.332447] systemd[1]: Starting Remount Root and Kernel File Systems...
         Starting Remount Root and Kernel File Systems...
[    9.337025] systemd[1]: Mounting Huge Pages File System...
         Mounting Huge Pages File System...
[    9.340219] systemd[1]: Starting Create list of required static device nodes for the current kernel...
         Starting Create list of required st... nodes for the current kernel...
[    9.349051] EXT4-fs (sda1): re-mounted. Opts: (null)
[    9.352429] systemd[1]: Mounting Debug File System...
         Mounting Debug File System...
[    9.354936] systemd[1]: Mounting POSIX Message Queue File System...
         Mounting POSIX Message Queue File System...
[    9.357764] systemd[1]: Starting Nameserver information manager...
         Starting Nameserver information manager...
[    9.364653] systemd[1]: Starting Load Kernel Modules...
         Starting Load Kernel Modules...
[    9.367815] systemd[1]: Starting Uncomplicated firewall...
         Starting Uncomplicated firewall...
[    9.370005] systemd[1]: Reached target System Time Synchronized.
[[0;32m  OK  [0m] Reached target System Time Synchronized.
[    9.373694] systemd[1]: Listening on LVM2 poll daemon socket.
[[0;32m  OK  [0m] Listening on LVM2 poll daemon socket.
[    9.376074] Loading iSCSI transport class v2.0-870.
[    9.376160] systemd[1]: Listening on Device-mapper event daemon FIFOs.
[[0;32m  OK  [0m] Listening on Device-mapper event daemon FIFOs.
[    9.380155] systemd[1]: Starting Monitoring of LVM2 mirrors, snapshots etc. using dmeventd or progress polling...
         Starting Monitoring of LVM2 mirrors... dmeventd or progress polling...
[    9.384010] systemd[1]: Created slice system-serial\x2dgetty.slice.
[[0;32m  OK  [0m] Created slice system-serial\x2dgetty.slice.
[    9.387211] systemd[1]: Reached target Slices.
[    9.388689] iscsi: registered transport (tcp)
[[0;32m  OK  [0m] Reached target Slices.
[    9.392681] systemd[1]: Starting Set console keymap...
         Starting Set console keymap...
[    9.399967] systemd[1]: Reached target User and Group Name Lookups.
[[0;32m  OK  [0m] Reached target User and Group Name Lookups.
[    9.408489] systemd[1]: Listening on Journal Socket (/dev/log).
[[0;32m  OK  [0m] Listening on Journal Socket (/dev/log).
[    9.412955] systemd[1]: Starting Journal Service...
         Starting Journal Service...
[    9.419297] systemd[1]: Mounted Debug File System.
[[0;32m  OK  [0m] [    9.421200] random: nonblocking pool is initialized
Mounted Debug File System.
[    9.423062] systemd[1]: Mounted Huge Pages File System.
[[0;32m  OK  [0m] Mounted Huge Pages File System.
[    9.426071] systemd[1]: Mounted POSIX Message Queue File System.
[[0;32m  OK  [0m] Mounted POSIX Message Queue File System.
[    9.430038] systemd[1]: Started Remount Root and Kernel File Systems.
[[0;32m  OK  [0m] Started Remount Root and Kernel File Systems.
[    9.435869] systemd[1]: Started Create list of required static device nodes for the current kernel.
[[0;32m  OK  [0m] Started Create list of required sta...ce nodes for the current kernel.
[    9.448055] systemd[1]: Started Uncomplicated firewall.
[[0;32m  OK  [0m] Started Uncomplicated firewall.
[    9.451906] systemd[1]: Started LVM2 metadata daemon.
[[0;32m  OK  [0m] Started LVM2 metadata daemon.
[    9.458546] systemd[1]: Starting Create Static Device Nodes in /dev...
         Starting Create Static Device Nodes in /dev...
[    9.462394] systemd[1]: Starting Load/Save Random Seed...
         Starting Load/Save Random Seed...
[    9.467723] systemd[1]: Starting udev Coldplug all Devices...
         Starting udev Coldplug all Devices...
[    9.473011] systemd[1]: Started Journal Service.
[[0;32m  OK  [0m] Started Journal Service.
[[0;32m  OK  [0m] Started Set console keymap.
[[0;32m  OK  [0m] Started Nameserver information manager.
[[0;32m  OK  [0m] Started Load/Save Random Seed.[    9.482681] iscsi: registered transport (iser)

         Starting Flush Journal to Persistent Storage...
[[0;32m  OK  [0m] Started Load Kernel Modules.
         Mounting FUSE Control File System...
         Starting Apply Kernel Variables...
[[0;32m  OK  [0m] Mounted FUSE Control File System.
[[0;32m  OK  [0m] Started Create Static Device Nodes in /dev.
[[0;32m  OK  [0m] Started Apply Kernel Variables.
         Starting udev Kernel Device Manager...
[[0;32m  OK  [0m] Started Flush Journal to Persistent Storage.
[[0;32m  OK  [0m] Started udev Coldplug all Devices.
[[0;32m  OK  [0m] Started udev Kernel Device Manager.
[[0;32m  OK  [0m] Started Dispatch Password Requests to Console Directory Watch.
         Starting LSB: QEMU KVM module loading script...
[[0;32m  OK  [0m] Started LSB: QEMU KVM module loading script.
[[0;32m  OK  [0m] Found device /dev/ttyS0.
[[0;32m  OK  [0m] Listening on Load/Save RF Kill Switch Status /dev/rfkill Watch.
[[0;32m  OK  [0m] Found device 82540EM Gigabit Ethern...r (PRO/1000 MT Desktop Adapter).
[[0;32m  OK  [0m] Started Monitoring of LVM2 mirrors,...ng dmeventd or progress polling.
[[0;32m  OK  [0m] Reached target Local File Systems (Pre).
[[0;32m  OK  [0m] Reached target Local File Systems.
         Starting Tell Plymouth To Write Out Runtime Data...
         Starting Create Volatile Files and Directories...
         Starting LSB: AppArmor initialization...
         Starting Enable support for additional executable binary formats...
         Starting Initial cloud-init job (pre-networking)...
         Starting Set console font and keymap...
[[0;32m  OK  [0m] Started Tell Plymouth To Write Out Runtime Data.
[[0;32m  OK  [0m] Started Create Volatile Files and Directories.
         Mounting Arbitrary Executable File Formats File System...
         Starting Update UTMP about System Boot/Shutdown...
[[0;32m  OK  [0m] Mounted Arbitrary Executable File Formats File System.
[[0;32m  OK  [0m] Started Update UTMP about System Boot/Shutdown.
[[0;32m  OK  [0m] Started Enable support for additional executable binary formats.
[[0;32m  OK  [0m] Started LSB: AppArmor initialization.
[[0;32m  OK  [0m] Started Set console font and keymap.
[[0;32m  OK  [0m] Created slice system-getty.slice.
[   10.970424] cloud-init[644]: Cloud-init v. 19.4-33-gbb4131a2-0ubuntu1~16.04.1 running 'init-local' at Thu, 12 Mar 2020 21:50:25 +0000. Up 10.71 seconds.
[[0;32m  OK  [0m] Started Initial cloud-init job (pre-networking).
[[0;32m  OK  [0m] Reached target Network (Pre).
[[0;32m  OK  [0m] Started ifup for enp0s3.
         Starting Raise network interfaces...
[[0;32m  OK  [0m] Started Raise network interfaces.
         Starting Initial cloud-init job (metadata service crawler)...
[[0;32m  OK  [0m] Reached target Network.
[   11.629197] cloud-init[998]: Cloud-init v. 19.4-33-gbb4131a2-0ubuntu1~16.04.1 running 'init' at Thu, 12 Mar 2020 21:50:26 +0000. Up 11.40 seconds.
[   11.631380] cloud-init[998]: ci-info: ++++++++++++++++++++++++++++++++++++++Net device info++++++++++++++++++++++++++++++++++++++
[   11.633074] cloud-init[998]: ci-info: +--------+------+----------------------------+---------------+--------+-------------------+
[   11.634726] cloud-init[998]: ci-info: | Device |  Up  |          Address           |      Mask     | Scope  |     Hw-Address    |
[   11.635827] cloud-init[998]: ci-info: +--------+------+----------------------------+---------------+--------+-------------------+
[   11.637434] cloud-init[998]: ci-info: | enp0s3 | True |         10.0.2.15          | 255.255.255.0 | global | 02:9d:64:b1:e9:53 |
[   11.639289] cloud-init[998]: ci-info: | enp0s3 | True | fe80::9d:64ff:feb1:e953/64 |       .       |  link  | 02:9d:64:b1:e9:53 |
[   11.641149] cloud-init[998]: ci-info: |   lo   | True |         127.0.0.1          |   255.0.0.0   |  host  |         .         |
[   11.643222] cloud-init[998]: ci-info: |   lo   | True |          ::1/128           |       .       |  host  |         .         |
[   11.645132] cloud-init[998]: ci-info: +--------+------+----------------------------+---------------+--------+-------------------+
[   11.647412] cloud-init[998]: ci-info: +++++++++++++++++++++++++++Route IPv4 info++++++++++++++++++++++++++++
[   11.649005] cloud-init[998]: ci-info: +-------+-------------+----------+---------------+-----------+-------+
[   11.650687] cloud-init[998]: ci-info: | Route | Destination | Gateway  |    Genmask    | Interface | Flags |
[   11.652636] cloud-init[998]: ci-info: +-------+-------------+----------+---------------+-----------+-------+
[   11.660913] cloud-init[998]: ci-info: |   0   |   0.0.0.0   | 10.0.2.2 |    0.0.0.0    |   enp0s3  |   UG  |
[   11.662472] cloud-init[998]: ci-info: |   1   |   10.0.2.0  | 0.0.0.0  | 255.255.255.0 |   enp0s3  |   U   |
[   11.664234] cloud-init[998]: ci-info: +-------+-------------+----------+---------------+-----------+-------+
[   11.672584] cloud-init[998]: ci-info: +++++++++++++++++++Route IPv6 info+++++++++++++++++++
[   11.673637] cloud-init[998]: ci-info: +-------+-------------+---------+-----------+-------+
[   11.674636] cloud-init[998]: ci-info: | Route | Destination | Gateway | Interface | Flags |
[   11.675513] cloud-init[998]: ci-info: +-------+-------------+---------+-----------+-------+
[   11.676989] cloud-init[998]: ci-info: |   0   |  fe80::/64  |    ::   |   enp0s3  |   U   |
[   11.678433] cloud-init[998]: ci-info: |   3   |   ff00::/8  |    ::   |   enp0s3  |   U   |
[   11.679869] cloud-init[998]: ci-info: +-------+-------------+---------+-----------+-------+
[[0;32m  OK  [0m] Started Initial cloud-init job (metadata service crawler).
[[0;32m  OK  [0m] Reached target Cloud-config availability.
[[0;32m  OK  [0m] Reached target System Initialization.
[[0;32m  OK  [0m] Started Daily apt download activities.
[[0;32m  OK  [0m] Started Daily apt upgrade and clean activities.
         Starting LXD - unix socket.
[[0;32m  OK  [0m] Started Message of the Day.
[[0;32m  OK  [0m] Started Daily Cleanup of Temporary Directories.
[[0;32m  OK  [0m] Reached target Timers.
[[0;32m  OK  [0m] Listening on D-Bus System Message Bus Socket.
[[0;32m  OK  [0m] Listening on ACPID Listen Socket.
[[0;32m  OK  [0m] Started ACPI Events Check.
[[0;32m  OK  [0m] Reached target Paths.
         Starting Socket activation for snappy daemon.
[[0;32m  OK  [0m] Listening on UUID daemon activation socket.
[[0;32m  OK  [0m] Reached target Network is Online.
         Starting iSCSI initiator daemon (iscsid)...
[[0;32m  OK  [0m] Listening on LXD - unix socket.
[[0;32m  OK  [0m] Listening on Socket activation for snappy daemon.
[[0;32m  OK  [0m] Reached target Sockets.
[[0;32m  OK  [0m] Reached target Basic System.
         Starting Virtualbox guest utils...
[[0;32m  OK  [0m] Started D-Bus System Message Bus.
         Starting Login Service...
         Starting OpenBSD Secure Shell server...
[[0;32m  OK  [0m] Started ACPI event daemon.
[[0;32m  OK  [0m] Started Regular background program processing daemon.
         Starting System Logging Service...
         Starting /etc/rc.local Compatibility...
         Starting LSB: MD monitoring daemon...
[[0;32m  OK  [0m] Started Deferred execution scheduler.
         Starting Message of the Day...
         Starting Accounts Service...
         Starting LSB: Record successful boot for GRUB...
         Starting Snappy daemon...
[[0;32m  OK  [0m] Started FUSE filesystem for LXC.
         Starting LXD - container startup/shutdown...
[[0;32m  OK  [0m] Started iSCSI initiator daemon (iscsid).
[[0;32m  OK  [0m] Started /etc/rc.local Compatibility.
         Starting Login to default iSCSI targets...
[[0;32m  OK  [0m] Started Login Service.
[[0;32m  OK  [0m] Started Unattended Upgrades Shutdown.
[[0;32m  OK  [0m] Started OpenBSD Secure Shell server.
[[0;32m  OK  [0m] Started System Logging Service.
[[0;32m  OK  [0m] Started Login to default iSCSI targets.
[[0;32m  OK  [0m] Reached target Remote File Systems (Pre).
[[0;32m  OK  [0m] Reached target Remote File Systems.
         Starting Permit User Sessions...
         Starting LSB: Set the CPU Frequency Scaling governor to "ondemand"...
         Starting LSB: daemon to balance interrupts for SMP systems...
         Starting LSB: automatic crash report generation...
[[0;32m  OK  [0m] Started Permit User Sessions.
         Starting Terminate Plymouth Boot Screen...
         Starting Hold until boot process finishes up...
[[0;32m  OK  [0m] Started Hold until boot process finishes up.
[[0;32m  OK  [0m] Started Serial Getty on ttyS0.
[[0;32m  OK  [0m] Started Getty on tty1.
[[0;32m  OK  [0m] Reached target Login Prompts.
         Starting Set console scheme...
[[0;32m  OK  [0m] Started LSB: MD monitoring daemon.
[[0;32m  OK  [0m] Started Terminate Plymouth Boot Screen.
[[0;32m  OK  [0m] Started LSB: daemon to balance interrupts for SMP systems.
[[0;32m  OK  [0m] Started Set console scheme.
[[0;32m  OK  [0m] Started LSB: Set the CPU Frequency Scaling governor to "ondemand".
[[0;32m  OK  [0m] Started LSB: Record successful boot for GRUB.
         Starting Authenticate and Authorize Users to Run Privileged Tasks...
[[0;32m  OK  [0m] Started LSB: automatic crash report generation.
[[0;32m  OK  [0m] Started Authenticate and Authorize Users to Run Privileged Tasks.
[[0;32m  OK  [0m] Started Accounts Service.
[[0;32m  OK  [0m] Started Virtualbox guest utils.
[[0;32m  OK  [0m] Started LXD - container startup/shutdown.
[[0;32m  OK  [0m] Started Snappy daemon.
         Starting Wait until snapd is fully seeded...
[[0;32m  OK  [0m] Started Wait until snapd is fully seeded.
[[0;32m  OK  [0m] Reached target Multi-User System.
[[0;32m  OK  [0m] Reached target Graphical Interface.
         Starting Update UTMP about System Runlevel Changes...
         Starting Apply the settings specified in cloud-config...
[[0;32m  OK  [0m] Started Update UTMP about System Runlevel Changes.
[   12.650265] cloud-init[1286]: Cloud-init v. 19.4-33-gbb4131a2-0ubuntu1~16.04.1 running 'modules:config' at Thu, 12 Mar 2020 21:50:27 +0000. Up 12.57 seconds.
[[0;32m  OK  [0m] Started Apply the settings specified in cloud-config.
         Starting Execute cloud user/final scripts...
[   12.982593] cloud-init[1302]: Cloud-init v. 19.4-33-gbb4131a2-0ubuntu1~16.04.1 running 'modules:final' at Thu, 12 Mar 2020 21:50:27 +0000. Up 12.90 seconds.
[   12.986968] cloud-init[1302]: Cloud-init v. 19.4-33-gbb4131a2-0ubuntu1~16.04.1 finished at Thu, 12 Mar 2020 21:50:27 +0000. Datasource DataSourceNoCloud [seed=/dev/sdb][dsmode=net].  Up 12.97 seconds
[[0;32m  OK  [0m] Started Execute cloud user/final scripts.
[[0;32m  OK  [0m] Reached target Cloud-init target.
         Starting Daily apt download activities...
[[0;32m  OK  [0m] Started Message of the Day.
[[0;32m  OK  [0m] Created slice User Slice of vagrant.
         Starting User Manager for UID 1000...
[[0;32m  OK  [0m] Started Session 1 of user vagrant.
[[0;32m  OK  [0m] Started User Manager for UID 1000.

Ubuntu 16.04.6 LTS ubuntu-xenial ttyS0

ubuntu-xenial login: [[0;32m  OK  [0m] Started ACPI event daemon.
[[0;32m  OK  [0m] Created slice User Slice of vagrant.
         Starting User Manager for UID 1000...
[[0;32m  OK  [0m] Started Session 2 of user vagrant.
[[0;32m  OK  [0m] Started User Manager for UID 1000.
[[0;32m  OK  [0m] Started ACPI event daemon.
[[0;32m  OK  [0m] Started ACPI event daemon.
[[0;32m  OK  [0m] Started Daily apt upgrade and clean activities.
